../Core/Src/DMX512.c:20:6:clrDmxData	16	static
../Core/Src/DMX512.c:31:6:GPIO_Tx_Config_OUT	32	static
../Core/Src/DMX512.c:40:6:GPIO_Tx_Config_AF	32	static
../Core/Src/DMX512.c:52:6:DMX_Delay_us	24	static
../Core/Src/DMX512.c:95:6:DMX_Break	8	static
../Core/Src/DMX512.c:109:6:DMX_Send_9Data	16	static
../Core/Src/DMX512.c:118:6:DMX_Send_Packet	24	static
../Core/Src/DMX512.c:133:6:DMX_Init	8	static
../Core/Src/DMX512.c:146:6:DMX_Write_Add	24	static
../Core/Src/DMX512.c:169:6:DMX_Send_ADD_Data	32	static
../Core/Src/DMX512.c:200:6:DMX_Write_CMD	24	static
../Core/Src/DMX512.c:215:6:DMX_Send_CMD_Data	32	static
../Core/Src/DMX512.c:246:6:DMX_Reset	8	static
../Core/Src/DMX512.c:259:6:DMX_W	8	static
../Core/Src/DMX512.c:267:9:DMX_Transposition	24	static
../Core/Src/DMX512.c:279:6:DMX_Demo_Init	8	static
../Core/Src/DMX512.c:309:6:DMX_Demo	24	static
