../Core/Src/DMX512.c:20:6:clrDmxData	24	static
../Core/Src/DMX512.c:31:6:GPIO_Tx_Config_OUT	32	static
../Core/Src/DMX512.c:40:6:GPIO_Tx_Config_AF	32	static
../Core/Src/DMX512.c:52:6:DMX_Delay_us	24	static
../Core/Src/DMX512.c:95:6:DMX_Break	8	static
../Core/Src/DMX512.c:109:6:DMX_Send_8Data	16	static
../Core/Src/DMX512.c:118:6:DMX_Send_Packet	24	static
../Core/Src/DMX512.c:163:6:DMX_Send_Add	24	static
../Core/Src/DMX512.c:176:10:DMX_ADD_Data	536	static
../Core/Src/DMX512.c:193:6:DMX_Reset	8	static
../Core/Src/DMX512.c:206:6:DMX_W	8	static
../Core/Src/DMX512.c:214:9:DMX_Transposition	24	static
